../Drivers/CMSIS/Include/core_cm4.h:2064:26:ITM_SendChar	16	static,ignoring_inline_asm
../Core/Src/main.c:75:5:main	8	static
../Core/Src/main.c:126:6:SystemClock_Config	88	static
../Core/Src/main.c:168:13:MX_DCMI_Init	8	static
../Core/Src/main.c:203:13:MX_SPI1_Init	8	static
../Core/Src/main.c:241:13:MX_SPI2_Init	8	static
../Core/Src/main.c:279:13:MX_USART2_UART_Init	8	static
../Core/Src/main.c:312:13:MX_GPIO_Init	24	static
../Core/Src/main.c:328:5:_write	32	static
../Core/Src/main.c:346:6:Error_Handler	4	static,ignoring_inline_asm
